src/app/movie/[id]/page.tsx(48,11): error TS2322: Type 'string | undefined' is not assignable to type 'string'.
  Type 'undefined' is not assignable to type 'string'.
src/app/movie/[id]/page.tsx(66,17): error TS2322: Type 'string | undefined' is not assignable to type 'string'.
  Type 'undefined' is not assignable to type 'string'.
src/app/movie/[id]/page.tsx(124,53): error TS2322: Type 'string | undefined' is not assignable to type 'string'.
  Type 'undefined' is not assignable to type 'string'.
src/app/search/page.tsx(17,23): error TS2554: Expected 1 arguments, but got 0.
